\BOOKMARK [1][-]{section.1}{\376\377\000I\000n\000t\000r\000o\000d\000u\000c\000t\000i\000o\000n}{}% 1
\BOOKMARK [2][-]{subsection.1.1}{\376\377\000C\000o\000n\000t\000e\000x\000t\000e\000\040\000d\000u\000\040\000P\000r\000o\000j\000e\000t}{section.1}% 2
\BOOKMARK [2][-]{subsection.1.2}{\376\377\000O\000b\000j\000e\000c\000t\000i\000f\000s}{section.1}% 3
\BOOKMARK [2][-]{subsection.1.3}{\376\377\000D\000a\000t\000a\000s\000e\000t\000\040\000M\000o\000d\000C\000l\000o\000t\000h}{section.1}% 4
\BOOKMARK [1][-]{section.2}{\376\377\000P\000r\000o\000b\000l\000\351\000m\000a\000t\000i\000q\000u\000e}{}% 5
\BOOKMARK [1][-]{section.3}{\376\377\000M\000\351\000t\000h\000o\000d\000o\000l\000o\000g\000i\000e}{}% 6
\BOOKMARK [2][-]{subsection.3.1}{\376\377\000P\000i\000p\000e\000l\000i\000n\000e\000\040\000d\000e\000\040\000T\000r\000a\000v\000a\000i\000l}{section.3}% 7
\BOOKMARK [2][-]{subsection.3.2}{\376\377\000P\000r\000\351\000t\000r\000a\000i\000t\000e\000m\000e\000n\000t\000\040\000d\000e\000s\000\040\000D\000o\000n\000n\000\351\000e\000s}{section.3}% 8
\BOOKMARK [3][-]{subsubsection.3.2.1}{\376\377\000C\000h\000a\000r\000g\000e\000m\000e\000n\000t}{subsection.3.2}% 9
\BOOKMARK [3][-]{subsubsection.3.2.2}{\376\377\000N\000e\000t\000t\000o\000y\000a\000g\000e}{subsection.3.2}% 10
\BOOKMARK [3][-]{subsubsection.3.2.3}{\376\377\000F\000i\000l\000t\000r\000a\000g\000e\000\040\000d\000e\000\040\000l\000a\000\040\000S\000p\000a\000r\000s\000i\000t\000\351}{subsection.3.2}% 11
\BOOKMARK [2][-]{subsection.3.3}{\376\377\000S\000p\000l\000i\000t\000\040\000T\000r\000a\000i\000n\000/\000T\000e\000s\000t}{section.3}% 12
\BOOKMARK [2][-]{subsection.3.4}{\376\377\000F\000i\000l\000t\000r\000a\000g\000e\000\040\000C\000o\000l\000l\000a\000b\000o\000r\000a\000t\000i\000f\000\040\000\050\000C\000F\000\051}{section.3}% 13
\BOOKMARK [3][-]{subsubsection.3.4.1}{\376\377\000A\000p\000p\000r\000o\000c\000h\000e\000\040\000C\000h\000o\000i\000s\000i\000e}{subsection.3.4}% 14
\BOOKMARK [3][-]{subsubsection.3.4.2}{\376\377\000A\000l\000g\000o\000r\000i\000t\000h\000m\000e\000\040\000d\000e\000\040\000P\000r\000\351\000d\000i\000c\000t\000i\000o\000n}{subsection.3.4}% 15
\BOOKMARK [2][-]{subsection.3.5}{\376\377\000F\000i\000l\000t\000r\000a\000g\000e\000\040\000B\000a\000s\000\351\000\040\000s\000u\000r\000\040\000l\000e\000\040\000C\000o\000n\000t\000e\000n\000u}{section.3}% 16
\BOOKMARK [3][-]{subsubsection.3.5.1}{\376\377\000C\000o\000n\000s\000t\000r\000u\000c\000t\000i\000o\000n\000\040\000d\000e\000s\000\040\000P\000r\000o\000f\000i\000l\000s\000\040\000d\000'\000I\000t\000e\000m\000s}{subsection.3.5}% 17
\BOOKMARK [3][-]{subsubsection.3.5.2}{\376\377\000V\000e\000c\000t\000o\000r\000i\000s\000a\000t\000i\000o\000n\000\040\000T\000F\000-\000I\000D\000F}{subsection.3.5}% 18
\BOOKMARK [3][-]{subsubsection.3.5.3}{\376\377\000P\000r\000o\000f\000i\000l\000s\000\040\000U\000t\000i\000l\000i\000s\000a\000t\000e\000u\000r\000s}{subsection.3.5}% 19
\BOOKMARK [2][-]{subsection.3.6}{\376\377\000M\000\351\000t\000r\000i\000q\000u\000e\000s\000\040\000d\000'\000\311\000v\000a\000l\000u\000a\000t\000i\000o\000n}{section.3}% 20
\BOOKMARK [3][-]{subsubsection.3.6.1}{\376\377\000M\000\351\000t\000r\000i\000q\000u\000e\000s\000\040\000d\000e\000\040\000P\000r\000\351\000d\000i\000c\000t\000i\000o\000n\000\040\000\050\000C\000F\000\040\000u\000n\000i\000q\000u\000e\000m\000e\000n\000t\000\051}{subsection.3.6}% 21
\BOOKMARK [3][-]{subsubsection.3.6.2}{\376\377\000M\000\351\000t\000r\000i\000q\000u\000e\000s\000\040\000d\000e\000\040\000R\000e\000c\000o\000m\000m\000a\000n\000d\000a\000t\000i\000o\000n}{subsection.3.6}% 22
\BOOKMARK [1][-]{section.4}{\376\377\000R\000\351\000s\000u\000l\000t\000a\000t\000s\000\040\000E\000x\000p\000\351\000r\000i\000m\000e\000n\000t\000a\000u\000x}{}% 23
\BOOKMARK [2][-]{subsection.4.1}{\376\377\000S\000t\000a\000t\000i\000s\000t\000i\000q\000u\000e\000s\000\040\000d\000u\000\040\000D\000a\000t\000a\000s\000e\000t\000\040\000A\000p\000r\000\350\000s\000\040\000P\000r\000\351\000t\000r\000a\000i\000t\000e\000m\000e\000n\000t}{section.4}% 24
\BOOKMARK [2][-]{subsection.4.2}{\376\377\000D\000i\000s\000t\000r\000i\000b\000u\000t\000i\000o\000n\000\040\000d\000e\000s\000\040\000D\000o\000n\000n\000\351\000e\000s}{section.4}% 25
\BOOKMARK [2][-]{subsection.4.3}{\376\377\000P\000e\000r\000f\000o\000r\000m\000a\000n\000c\000e\000s\000\040\000d\000u\000\040\000F\000i\000l\000t\000r\000a\000g\000e\000\040\000C\000o\000l\000l\000a\000b\000o\000r\000a\000t\000i\000f}{section.4}% 26
\BOOKMARK [2][-]{subsection.4.4}{\376\377\000P\000e\000r\000f\000o\000r\000m\000a\000n\000c\000e\000s\000\040\000d\000u\000\040\000F\000i\000l\000t\000r\000a\000g\000e\000\040\000p\000a\000r\000\040\000C\000o\000n\000t\000e\000n\000u}{section.4}% 27
\BOOKMARK [2][-]{subsection.4.5}{\376\377\000C\000o\000m\000p\000a\000r\000a\000i\000s\000o\000n\000\040\000d\000e\000s\000\040\000M\000o\000d\000\350\000l\000e\000s}{section.4}% 28
\BOOKMARK [1][-]{section.5}{\376\377\000A\000n\000a\000l\000y\000s\000e\000\040\000e\000t\000\040\000I\000n\000t\000e\000r\000p\000r\000\351\000t\000a\000t\000i\000o\000n}{}% 29
\BOOKMARK [2][-]{subsection.5.1}{\376\377\000P\000o\000u\000r\000q\000u\000o\000i\000\040\000l\000e\000\040\000C\000o\000n\000t\000e\000n\000u\000\040\000G\000a\000g\000n\000e}{section.5}% 30
\BOOKMARK [2][-]{subsection.5.2}{\376\377\000L\000i\000m\000i\000t\000e\000s\000\040\000d\000u\000\040\000C\000F}{section.5}% 31
\BOOKMARK [2][-]{subsection.5.3}{\376\377\000P\000e\000r\000f\000o\000r\000m\000a\000n\000c\000e\000s\000\040\000A\000b\000s\000o\000l\000u\000e\000s}{section.5}% 32
\BOOKMARK [1][-]{section.6}{\376\377\000P\000r\000o\000b\000l\000\350\000m\000e\000s\000\040\000R\000e\000n\000c\000o\000n\000t\000r\000\351\000s}{}% 33
\BOOKMARK [1][-]{section.7}{\376\377\000P\000i\000s\000t\000e\000s\000\040\000d\000'\000A\000m\000\351\000l\000i\000o\000r\000a\000t\000i\000o\000n}{}% 34
\BOOKMARK [1][-]{section.8}{\376\377\000C\000o\000n\000c\000l\000u\000s\000i\000o\000n}{}% 35
\BOOKMARK [2][-]{subsection.8.1}{\376\377\000R\000\351\000s\000u\000l\000t\000a\000t\000s\000\040\000P\000r\000i\000n\000c\000i\000p\000a\000u\000x}{section.8}% 36
\BOOKMARK [2][-]{subsection.8.2}{\376\377\000S\000t\000a\000t\000i\000s\000t\000i\000q\000u\000e\000s\000\040\000F\000i\000n\000a\000l\000e\000s\000\040\000d\000u\000\040\000P\000r\000o\000j\000e\000t}{section.8}% 37
